[INFO] Scanning for projects...
[INFO] 
[INFO] ---------------< com.bobcarrental:bobcarrental-backend >----------------
[INFO] Building BobCarRental Backend 1.0.0
[INFO]   from pom.xml
[INFO] --------------------------------[ jar ]---------------------------------
[WARNING] The artifact com.itextpdf:itext7-core:pom:8.0.3 has been relocated to com.itextpdf:itext-core:pom:8.0.3
[INFO] 
[INFO] --- clean:3.3.2:clean (default-clean) @ bobcarrental-backend ---
[INFO] Deleting D:\POSAO\alankar\bobcarrental\backend\target
[INFO] 
[INFO] --- jacoco:0.8.11:prepare-agent (default) @ bobcarrental-backend ---
[INFO] argLine set to -javaagent:C:\\Users\\Bane\\.m2\\repository\\org\\jacoco\\org.jacoco.agent\\0.8.11\\org.jacoco.agent-0.8.11-runtime.jar=destfile=D:\\POSAO\\alankar\\bobcarrental\\backend\\target\\jacoco.exec
[INFO] 
[INFO] --- resources:3.3.1:resources (default-resources) @ bobcarrental-backend ---
[INFO] Copying 2 resources from src\main\resources to target\classes
[INFO] Copying 2 resources from src\main\resources to target\classes
[INFO] 
[INFO] --- compiler:3.12.1:compile (default-compile) @ bobcarrental-backend ---
[INFO] Recompiling the module because of changed source code.
[INFO] Compiling 87 source files with javac [debug parameters release 21] to target\classes
[INFO] -------------------------------------------------------------
[ERROR] COMPILATION ERROR : 
[INFO] -------------------------------------------------------------
[ERROR] /D:/POSAO/alankar/bobcarrental/backend/src/main/java/com/bobcarrental/service/impl/HeaderTemplateServiceImpl.java:[3,43] package com.bobcarrental.dto.headertemplate does not exist
[ERROR] /D:/POSAO/alankar/bobcarrental/backend/src/main/java/com/bobcarrental/service/impl/HeaderTemplateServiceImpl.java:[4,43] package com.bobcarrental.dto.headertemplate does not exist
[ERROR] /D:/POSAO/alankar/bobcarrental/backend/src/main/java/com/bobcarrental/service/impl/HeaderTemplateServiceImpl.java:[5,43] package com.bobcarrental.dto.headertemplate does not exist
[ERROR] /D:/POSAO/alankar/bobcarrental/backend/src/main/java/com/bobcarrental/service/HeaderTemplateService.java:[3,43] package com.bobcarrental.dto.headertemplate does not exist
[ERROR] /D:/POSAO/alankar/bobcarrental/backend/src/main/java/com/bobcarrental/service/HeaderTemplateService.java:[4,43] package com.bobcarrental.dto.headertemplate does not exist
[ERROR] /D:/POSAO/alankar/bobcarrental/backend/src/main/java/com/bobcarrental/service/impl/HeaderTemplateServiceImpl.java:[31,19] cannot find symbol
  symbol:   class HeaderTemplateMapper
  location: class com.bobcarrental.service.impl.HeaderTemplateServiceImpl
[ERROR] /D:/POSAO/alankar/bobcarrental/backend/src/main/java/com/bobcarrental/service/impl/HeaderTemplateServiceImpl.java:[34,17] cannot find symbol
  symbol:   class HeaderTemplateResponse
  location: class com.bobcarrental.service.impl.HeaderTemplateServiceImpl
[ERROR] /D:/POSAO/alankar/bobcarrental/backend/src/main/java/com/bobcarrental/service/impl/HeaderTemplateServiceImpl.java:[41,12] cannot find symbol
  symbol:   class HeaderTemplateResponse
  location: class com.bobcarrental.service.impl.HeaderTemplateServiceImpl
[ERROR] /D:/POSAO/alankar/bobcarrental/backend/src/main/java/com/bobcarrental/service/impl/HeaderTemplateServiceImpl.java:[48,12] cannot find symbol
  symbol:   class HeaderTemplateResponse
  location: class com.bobcarrental.service.impl.HeaderTemplateServiceImpl
[ERROR] /D:/POSAO/alankar/bobcarrental/backend/src/main/java/com/bobcarrental/service/impl/HeaderTemplateServiceImpl.java:[56,17] cannot find symbol
  symbol:   class HeaderTemplateResponse
  location: class com.bobcarrental.service.impl.HeaderTemplateServiceImpl
[ERROR] /D:/POSAO/alankar/bobcarrental/backend/src/main/java/com/bobcarrental/service/impl/HeaderTemplateServiceImpl.java:[65,17] cannot find symbol
  symbol:   class HeaderTemplateResponse
  location: class com.bobcarrental.service.impl.HeaderTemplateServiceImpl
[ERROR] /D:/POSAO/alankar/bobcarrental/backend/src/main/java/com/bobcarrental/service/impl/HeaderTemplateServiceImpl.java:[74,56] cannot find symbol
  symbol:   class HeaderTemplateRequest
  location: class com.bobcarrental.service.impl.HeaderTemplateServiceImpl
[ERROR] /D:/POSAO/alankar/bobcarrental/backend/src/main/java/com/bobcarrental/service/impl/HeaderTemplateServiceImpl.java:[74,12] cannot find symbol
  symbol:   class HeaderTemplateResponse
  location: class com.bobcarrental.service.impl.HeaderTemplateServiceImpl
[ERROR] /D:/POSAO/alankar/bobcarrental/backend/src/main/java/com/bobcarrental/service/impl/HeaderTemplateServiceImpl.java:[92,65] cannot find symbol
  symbol:   class HeaderTemplateRequest
  location: class com.bobcarrental.service.impl.HeaderTemplateServiceImpl
[ERROR] /D:/POSAO/alankar/bobcarrental/backend/src/main/java/com/bobcarrental/service/impl/HeaderTemplateServiceImpl.java:[92,12] cannot find symbol
  symbol:   class HeaderTemplateResponse
  location: class com.bobcarrental.service.impl.HeaderTemplateServiceImpl
[ERROR] /D:/POSAO/alankar/bobcarrental/backend/src/main/java/com/bobcarrental/service/impl/HeaderTemplateServiceImpl.java:[111,12] cannot find symbol
  symbol:   class HeaderTemplateResponse
  location: class com.bobcarrental.service.impl.HeaderTemplateServiceImpl
[ERROR] /D:/POSAO/alankar/bobcarrental/backend/src/main/java/com/bobcarrental/service/impl/HeaderTemplateServiceImpl.java:[130,12] cannot find symbol
  symbol:   class HeaderTemplateResponse
  location: class com.bobcarrental.service.impl.HeaderTemplateServiceImpl
[ERROR] /D:/POSAO/alankar/bobcarrental/backend/src/main/java/com/bobcarrental/service/impl/HeaderTemplateServiceImpl.java:[143,12] cannot find symbol
  symbol:   class HeaderTemplateResponse
  location: class com.bobcarrental.service.impl.HeaderTemplateServiceImpl
[ERROR] /D:/POSAO/alankar/bobcarrental/backend/src/main/java/com/bobcarrental/service/impl/HeaderTemplateServiceImpl.java:[26,1] cannot find symbol
  symbol:   class HeaderTemplateMapper
  location: class com.bobcarrental.service.impl.HeaderTemplateServiceImpl
[ERROR] /D:/POSAO/alankar/bobcarrental/backend/src/main/java/com/bobcarrental/service/HeaderTemplateService.java:[18,10] cannot find symbol
  symbol:   class HeaderTemplateResponse
  location: interface com.bobcarrental.service.HeaderTemplateService
[ERROR] /D:/POSAO/alankar/bobcarrental/backend/src/main/java/com/bobcarrental/service/HeaderTemplateService.java:[23,5] cannot find symbol
  symbol:   class HeaderTemplateResponse
  location: interface com.bobcarrental.service.HeaderTemplateService
[ERROR] /D:/POSAO/alankar/bobcarrental/backend/src/main/java/com/bobcarrental/service/HeaderTemplateService.java:[28,5] cannot find symbol
  symbol:   class HeaderTemplateResponse
  location: interface com.bobcarrental.service.HeaderTemplateService
[ERROR] /D:/POSAO/alankar/bobcarrental/backend/src/main/java/com/bobcarrental/service/HeaderTemplateService.java:[33,10] cannot find symbol
  symbol:   class HeaderTemplateResponse
  location: interface com.bobcarrental.service.HeaderTemplateService
[ERROR] /D:/POSAO/alankar/bobcarrental/backend/src/main/java/com/bobcarrental/service/HeaderTemplateService.java:[38,10] cannot find symbol
  symbol:   class HeaderTemplateResponse
  location: interface com.bobcarrental.service.HeaderTemplateService
[ERROR] /D:/POSAO/alankar/bobcarrental/backend/src/main/java/com/bobcarrental/service/HeaderTemplateService.java:[43,49] cannot find symbol
  symbol:   class HeaderTemplateRequest
  location: interface com.bobcarrental.service.HeaderTemplateService
[ERROR] /D:/POSAO/alankar/bobcarrental/backend/src/main/java/com/bobcarrental/service/HeaderTemplateService.java:[43,5] cannot find symbol
  symbol:   class HeaderTemplateResponse
  location: interface com.bobcarrental.service.HeaderTemplateService
[ERROR] /D:/POSAO/alankar/bobcarrental/backend/src/main/java/com/bobcarrental/service/HeaderTemplateService.java:[48,58] cannot find symbol
  symbol:   class HeaderTemplateRequest
  location: interface com.bobcarrental.service.HeaderTemplateService
[ERROR] /D:/POSAO/alankar/bobcarrental/backend/src/main/java/com/bobcarrental/service/HeaderTemplateService.java:[48,5] cannot find symbol
  symbol:   class HeaderTemplateResponse
  location: interface com.bobcarrental.service.HeaderTemplateService
[ERROR] /D:/POSAO/alankar/bobcarrental/backend/src/main/java/com/bobcarrental/service/HeaderTemplateService.java:[53,5] cannot find symbol
  symbol:   class HeaderTemplateResponse
  location: interface com.bobcarrental.service.HeaderTemplateService
[ERROR] /D:/POSAO/alankar/bobcarrental/backend/src/main/java/com/bobcarrental/service/HeaderTemplateService.java:[58,5] cannot find symbol
  symbol:   class HeaderTemplateResponse
  location: interface com.bobcarrental.service.HeaderTemplateService
[ERROR] /D:/POSAO/alankar/bobcarrental/backend/src/main/java/com/bobcarrental/service/HeaderTemplateService.java:[63,5] cannot find symbol
  symbol:   class HeaderTemplateResponse
  location: interface com.bobcarrental.service.HeaderTemplateService
[ERROR] /D:/POSAO/alankar/bobcarrental/backend/src/main/java/com/bobcarrental/service/StandardFareService.java:[3,41] package com.bobcarrental.dto.standardfare does not exist
[ERROR] /D:/POSAO/alankar/bobcarrental/backend/src/main/java/com/bobcarrental/service/StandardFareService.java:[4,41] package com.bobcarrental.dto.standardfare does not exist
[ERROR] /D:/POSAO/alankar/bobcarrental/backend/src/main/java/com/bobcarrental/service/StandardFareService.java:[18,10] cannot find symbol
  symbol:   class StandardFareResponse
  location: interface com.bobcarrental.service.StandardFareService
[ERROR] /D:/POSAO/alankar/bobcarrental/backend/src/main/java/com/bobcarrental/service/StandardFareService.java:[23,5] cannot find symbol
  symbol:   class StandardFareResponse
  location: interface com.bobcarrental.service.StandardFareService
[ERROR] /D:/POSAO/alankar/bobcarrental/backend/src/main/java/com/bobcarrental/service/StandardFareService.java:[28,10] cannot find symbol
  symbol:   class StandardFareResponse
  location: interface com.bobcarrental.service.StandardFareService
[ERROR] /D:/POSAO/alankar/bobcarrental/backend/src/main/java/com/bobcarrental/service/StandardFareService.java:[33,5] cannot find symbol
  symbol:   class StandardFareResponse
  location: interface com.bobcarrental.service.StandardFareService
[ERROR] /D:/POSAO/alankar/bobcarrental/backend/src/main/java/com/bobcarrental/service/StandardFareService.java:[38,10] cannot find symbol
  symbol:   class StandardFareResponse
  location: interface com.bobcarrental.service.StandardFareService
[ERROR] /D:/POSAO/alankar/bobcarrental/backend/src/main/java/com/bobcarrental/service/StandardFareService.java:[43,10] cannot find symbol
  symbol:   class StandardFareResponse
  location: interface com.bobcarrental.service.StandardFareService
[ERROR] /D:/POSAO/alankar/bobcarrental/backend/src/main/java/com/bobcarrental/service/StandardFareService.java:[48,45] cannot find symbol
  symbol:   class StandardFareRequest
  location: interface com.bobcarrental.service.StandardFareService
[ERROR] /D:/POSAO/alankar/bobcarrental/backend/src/main/java/com/bobcarrental/service/StandardFareService.java:[48,5] cannot find symbol
  symbol:   class StandardFareResponse
  location: interface com.bobcarrental.service.StandardFareService
[ERROR] /D:/POSAO/alankar/bobcarrental/backend/src/main/java/com/bobcarrental/service/StandardFareService.java:[53,54] cannot find symbol
  symbol:   class StandardFareRequest
  location: interface com.bobcarrental.service.StandardFareService
[ERROR] /D:/POSAO/alankar/bobcarrental/backend/src/main/java/com/bobcarrental/service/StandardFareService.java:[53,5] cannot find symbol
  symbol:   class StandardFareResponse
  location: interface com.bobcarrental.service.StandardFareService
[ERROR] /D:/POSAO/alankar/bobcarrental/backend/src/main/java/com/bobcarrental/service/StandardFareService.java:[58,5] cannot find symbol
  symbol:   class StandardFareResponse
  location: interface com.bobcarrental.service.StandardFareService
[ERROR] /D:/POSAO/alankar/bobcarrental/backend/src/main/java/com/bobcarrental/service/StandardFareService.java:[63,5] cannot find symbol
  symbol:   class StandardFareResponse
  location: interface com.bobcarrental.service.StandardFareService
[ERROR] /D:/POSAO/alankar/bobcarrental/backend/src/main/java/com/bobcarrental/service/ClientService.java:[3,35] package com.bobcarrental.dto.client does not exist
[ERROR] /D:/POSAO/alankar/bobcarrental/backend/src/main/java/com/bobcarrental/service/ClientService.java:[4,35] package com.bobcarrental.dto.client does not exist
[ERROR] /D:/POSAO/alankar/bobcarrental/backend/src/main/java/com/bobcarrental/service/ClientService.java:[5,35] package com.bobcarrental.dto.client does not exist
[ERROR] /D:/POSAO/alankar/bobcarrental/backend/src/main/java/com/bobcarrental/service/ClientService.java:[20,33] cannot find symbol
  symbol:   class ClientRequest
  location: interface com.bobcarrental.service.ClientService
[ERROR] /D:/POSAO/alankar/bobcarrental/backend/src/main/java/com/bobcarrental/service/ClientService.java:[20,5] cannot find symbol
  symbol:   class ClientResponse
  location: interface com.bobcarrental.service.ClientService
[ERROR] /D:/POSAO/alankar/bobcarrental/backend/src/main/java/com/bobcarrental/service/ClientService.java:[25,42] cannot find symbol
  symbol:   class ClientRequest
  location: interface com.bobcarrental.service.ClientService
[ERROR] /D:/POSAO/alankar/bobcarrental/backend/src/main/java/com/bobcarrental/service/ClientService.java:[25,5] cannot find symbol
  symbol:   class ClientResponse
  location: interface com.bobcarrental.service.ClientService
[ERROR] /D:/POSAO/alankar/bobcarrental/backend/src/main/java/com/bobcarrental/service/ClientService.java:[30,5] cannot find symbol
  symbol:   class ClientResponse
  location: interface com.bobcarrental.service.ClientService
[ERROR] /D:/POSAO/alankar/bobcarrental/backend/src/main/java/com/bobcarrental/service/ClientService.java:[35,5] cannot find symbol
  symbol:   class ClientResponse
  location: interface com.bobcarrental.service.ClientService
[ERROR] /D:/POSAO/alankar/bobcarrental/backend/src/main/java/com/bobcarrental/service/ClientService.java:[45,10] cannot find symbol
  symbol:   class ClientSummaryResponse
  location: interface com.bobcarrental.service.ClientService
[ERROR] /D:/POSAO/alankar/bobcarrental/backend/src/main/java/com/bobcarrental/service/ClientService.java:[50,10] cannot find symbol
  symbol:   class ClientSummaryResponse
  location: interface com.bobcarrental.service.ClientService
[ERROR] /D:/POSAO/alankar/bobcarrental/backend/src/main/java/com/bobcarrental/service/ClientService.java:[55,10] cannot find symbol
  symbol:   class ClientSummaryResponse
  location: interface com.bobcarrental.service.ClientService
[ERROR] /D:/POSAO/alankar/bobcarrental/backend/src/main/java/com/bobcarrental/service/ClientService.java:[64,10] cannot find symbol
  symbol:   class ClientSummaryResponse
  location: interface com.bobcarrental.service.ClientService
[ERROR] /D:/POSAO/alankar/bobcarrental/backend/src/main/java/com/bobcarrental/controller/VehicleTypeController.java:[5,40] package com.bobcarrental.dto.vehicletype does not exist
[ERROR] /D:/POSAO/alankar/bobcarrental/backend/src/main/java/com/bobcarrental/controller/VehicleTypeController.java:[6,40] package com.bobcarrental.dto.vehicletype does not exist
[ERROR] /D:/POSAO/alankar/bobcarrental/backend/src/main/java/com/bobcarrental/controller/VehicleTypeController.java:[7,40] package com.bobcarrental.dto.vehicletype does not exist
[ERROR] /D:/POSAO/alankar/bobcarrental/backend/src/main/java/com/bobcarrental/service/VehicleTypeService.java:[3,40] package com.bobcarrental.dto.vehicletype does not exist
[ERROR] /D:/POSAO/alankar/bobcarrental/backend/src/main/java/com/bobcarrental/service/VehicleTypeService.java:[4,40] package com.bobcarrental.dto.vehicletype does not exist
[ERROR] /D:/POSAO/alankar/bobcarrental/backend/src/main/java/com/bobcarrental/service/VehicleTypeService.java:[5,40] package com.bobcarrental.dto.vehicletype does not exist
[ERROR] /D:/POSAO/alankar/bobcarrental/backend/src/main/java/com/bobcarrental/controller/VehicleTypeController.java:[39,52] cannot find symbol
  symbol:   class VehicleTypeSummaryResponse
  location: class com.bobcarrental.controller.VehicleTypeController
[ERROR] /D:/POSAO/alankar/bobcarrental/backend/src/main/java/com/bobcarrental/controller/VehicleTypeController.java:[51,44] cannot find symbol
  symbol:   class VehicleTypeSummaryResponse
  location: class com.bobcarrental.controller.VehicleTypeController
[ERROR] /D:/POSAO/alankar/bobcarrental/backend/src/main/java/com/bobcarrental/controller/VehicleTypeController.java:[61,39] cannot find symbol
  symbol:   class VehicleTypeResponse
  location: class com.bobcarrental.controller.VehicleTypeController
[ERROR] /D:/POSAO/alankar/bobcarrental/backend/src/main/java/com/bobcarrental/controller/VehicleTypeController.java:[70,44] cannot find symbol
  symbol:   class VehicleTypeSummaryResponse
  location: class com.bobcarrental.controller.VehicleTypeController
[ERROR] /D:/POSAO/alankar/bobcarrental/backend/src/main/java/com/bobcarrental/controller/VehicleTypeController.java:[82,44] cannot find symbol
  symbol:   class VehicleTypeSummaryResponse
  location: class com.bobcarrental.controller.VehicleTypeController
[ERROR] /D:/POSAO/alankar/bobcarrental/backend/src/main/java/com/bobcarrental/controller/VehicleTypeController.java:[94,44] cannot find symbol
  symbol:   class VehicleTypeSummaryResponse
  location: class com.bobcarrental.controller.VehicleTypeController
[ERROR] /D:/POSAO/alankar/bobcarrental/backend/src/main/java/com/bobcarrental/controller/VehicleTypeController.java:[107,33] cannot find symbol
  symbol:   class VehicleTypeRequest
  location: class com.bobcarrental.controller.VehicleTypeController
[ERROR] /D:/POSAO/alankar/bobcarrental/backend/src/main/java/com/bobcarrental/controller/VehicleTypeController.java:[106,39] cannot find symbol
  symbol:   class VehicleTypeResponse
  location: class com.bobcarrental.controller.VehicleTypeController
[ERROR] /D:/POSAO/alankar/bobcarrental/backend/src/main/java/com/bobcarrental/controller/VehicleTypeController.java:[121,33] cannot find symbol
  symbol:   class VehicleTypeRequest
  location: class com.bobcarrental.controller.VehicleTypeController
[ERROR] /D:/POSAO/alankar/bobcarrental/backend/src/main/java/com/bobcarrental/controller/VehicleTypeController.java:[119,39] cannot find symbol
  symbol:   class VehicleTypeResponse
  location: class com.bobcarrental.controller.VehicleTypeController
[ERROR] /D:/POSAO/alankar/bobcarrental/backend/src/main/java/com/bobcarrental/service/VehicleTypeService.java:[25,10] cannot find symbol
  symbol:   class VehicleTypeSummaryResponse
  location: interface com.bobcarrental.service.VehicleTypeService
[ERROR] /D:/POSAO/alankar/bobcarrental/backend/src/main/java/com/bobcarrental/service/VehicleTypeService.java:[32,10] cannot find symbol
  symbol:   class VehicleTypeSummaryResponse
  location: interface com.bobcarrental.service.VehicleTypeService
[ERROR] /D:/POSAO/alankar/bobcarrental/backend/src/main/java/com/bobcarrental/service/VehicleTypeService.java:[40,5] cannot find symbol
  symbol:   class VehicleTypeResponse
  location: interface com.bobcarrental.service.VehicleTypeService
[ERROR] /D:/POSAO/alankar/bobcarrental/backend/src/main/java/com/bobcarrental/service/VehicleTypeService.java:[48,10] cannot find symbol
  symbol:   class VehicleTypeSummaryResponse
  location: interface com.bobcarrental.service.VehicleTypeService
[ERROR] /D:/POSAO/alankar/bobcarrental/backend/src/main/java/com/bobcarrental/service/VehicleTypeService.java:[56,10] cannot find symbol
  symbol:   class VehicleTypeSummaryResponse
  location: interface com.bobcarrental.service.VehicleTypeService
[ERROR] /D:/POSAO/alankar/bobcarrental/backend/src/main/java/com/bobcarrental/service/VehicleTypeService.java:[64,10] cannot find symbol
  symbol:   class VehicleTypeSummaryResponse
  location: interface com.bobcarrental.service.VehicleTypeService
[ERROR] /D:/POSAO/alankar/bobcarrental/backend/src/main/java/com/bobcarrental/service/VehicleTypeService.java:[72,43] cannot find symbol
  symbol:   class VehicleTypeRequest
  location: interface com.bobcarrental.service.VehicleTypeService
[ERROR] /D:/POSAO/alankar/bobcarrental/backend/src/main/java/com/bobcarrental/service/VehicleTypeService.java:[72,5] cannot find symbol
  symbol:   class VehicleTypeResponse
  location: interface com.bobcarrental.service.VehicleTypeService
[ERROR] /D:/POSAO/alankar/bobcarrental/backend/src/main/java/com/bobcarrental/service/VehicleTypeService.java:[81,52] cannot find symbol
  symbol:   class VehicleTypeRequest
  location: interface com.bobcarrental.service.VehicleTypeService
[ERROR] /D:/POSAO/alankar/bobcarrental/backend/src/main/java/com/bobcarrental/service/VehicleTypeService.java:[81,5] cannot find symbol
  symbol:   class VehicleTypeResponse
  location: interface com.bobcarrental.service.VehicleTypeService
[ERROR] /D:/POSAO/alankar/bobcarrental/backend/src/main/java/com/bobcarrental/controller/VehicleImageController.java:[4,41] package com.bobcarrental.dto.vehicleimage does not exist
[ERROR] /D:/POSAO/alankar/bobcarrental/backend/src/main/java/com/bobcarrental/controller/VehicleImageController.java:[5,41] package com.bobcarrental.dto.vehicleimage does not exist
[ERROR] /D:/POSAO/alankar/bobcarrental/backend/src/main/java/com/bobcarrental/service/VehicleImageService.java:[3,41] package com.bobcarrental.dto.vehicleimage does not exist
[ERROR] /D:/POSAO/alankar/bobcarrental/backend/src/main/java/com/bobcarrental/service/VehicleImageService.java:[4,41] package com.bobcarrental.dto.vehicleimage does not exist
[ERROR] /D:/POSAO/alankar/bobcarrental/backend/src/main/java/com/bobcarrental/controller/VehicleImageController.java:[37,32] cannot find symbol
  symbol:   class VehicleImageResponse
  location: class com.bobcarrental.controller.VehicleImageController
[ERROR] /D:/POSAO/alankar/bobcarrental/backend/src/main/java/com/bobcarrental/controller/VehicleImageController.java:[49,27] cannot find symbol
  symbol:   class VehicleImageResponse
  location: class com.bobcarrental.controller.VehicleImageController
[ERROR] /D:/POSAO/alankar/bobcarrental/backend/src/main/java/com/bobcarrental/controller/VehicleImageController.java:[60,32] cannot find symbol
  symbol:   class VehicleImageResponse
  location: class com.bobcarrental.controller.VehicleImageController
[ERROR] /D:/POSAO/alankar/bobcarrental/backend/src/main/java/com/bobcarrental/controller/VehicleImageController.java:[72,27] cannot find symbol
  symbol:   class VehicleImageResponse
  location: class com.bobcarrental.controller.VehicleImageController
[ERROR] /D:/POSAO/alankar/bobcarrental/backend/src/main/java/com/bobcarrental/controller/VehicleImageController.java:[87,33] cannot find symbol
  symbol:   class VehicleImageRequest
  location: class com.bobcarrental.controller.VehicleImageController
[ERROR] /D:/POSAO/alankar/bobcarrental/backend/src/main/java/com/bobcarrental/controller/VehicleImageController.java:[86,39] cannot find symbol
  symbol:   class VehicleImageResponse
  location: class com.bobcarrental.controller.VehicleImageController
[ERROR] /D:/POSAO/alankar/bobcarrental/backend/src/main/java/com/bobcarrental/controller/VehicleImageController.java:[109,33] cannot find symbol
  symbol:   class VehicleImageRequest
  location: class com.bobcarrental.controller.VehicleImageController
[ERROR] /D:/POSAO/alankar/bobcarrental/backend/src/main/java/com/bobcarrental/controller/VehicleImageController.java:[107,39] cannot find symbol
  symbol:   class VehicleImageResponse
  location: class com.bobcarrental.controller.VehicleImageController
[ERROR] /D:/POSAO/alankar/bobcarrental/backend/src/main/java/com/bobcarrental/controller/VehicleImageController.java:[129,39] cannot find symbol
  symbol:   class VehicleImageResponse
  location: class com.bobcarrental.controller.VehicleImageController
[ERROR] /D:/POSAO/alankar/bobcarrental/backend/src/main/java/com/bobcarrental/controller/VehicleImageController.java:[149,44] cannot find symbol
  symbol:   class VehicleImageResponse
  location: class com.bobcarrental.controller.VehicleImageController
[ERROR] /D:/POSAO/alankar/bobcarrental/backend/src/main/java/com/bobcarrental/service/VehicleImageService.java:[18,10] cannot find symbol
  symbol:   class VehicleImageResponse
  location: interface com.bobcarrental.service.VehicleImageService
[ERROR] /D:/POSAO/alankar/bobcarrental/backend/src/main/java/com/bobcarrental/service/VehicleImageService.java:[23,5] cannot find symbol
  symbol:   class VehicleImageResponse
  location: interface com.bobcarrental.service.VehicleImageService
[INFO] 100 errors 
[INFO] -------------------------------------------------------------
[INFO] ------------------------------------------------------------------------
[INFO] BUILD FAILURE
[INFO] ------------------------------------------------------------------------
[INFO] Total time:  7.565 s
[INFO] Finished at: 2026-03-27T00:07:19+01:00
[INFO] ------------------------------------------------------------------------
[ERROR] Failed to execute goal org.apache.maven.plugins:maven-compiler-plugin:3.12.1:compile (default-compile) on project bobcarrental-backend: Compilation failure: Compilation failure: 
[ERROR] /D:/POSAO/alankar/bobcarrental/backend/src/main/java/com/bobcarrental/service/impl/HeaderTemplateServiceImpl.java:[3,43] package com.bobcarrental.dto.headertemplate does not exist
[ERROR] /D:/POSAO/alankar/bobcarrental/backend/src/main/java/com/bobcarrental/service/impl/HeaderTemplateServiceImpl.java:[4,43] package com.bobcarrental.dto.headertemplate does not exist
[ERROR] /D:/POSAO/alankar/bobcarrental/backend/src/main/java/com/bobcarrental/service/impl/HeaderTemplateServiceImpl.java:[5,43] package com.bobcarrental.dto.headertemplate does not exist
[ERROR] /D:/POSAO/alankar/bobcarrental/backend/src/main/java/com/bobcarrental/service/HeaderTemplateService.java:[3,43] package com.bobcarrental.dto.headertemplate does not exist
[ERROR] /D:/POSAO/alankar/bobcarrental/backend/src/main/java/com/bobcarrental/service/HeaderTemplateService.java:[4,43] package com.bobcarrental.dto.headertemplate does not exist
[ERROR] /D:/POSAO/alankar/bobcarrental/backend/src/main/java/com/bobcarrental/service/impl/HeaderTemplateServiceImpl.java:[31,19] cannot find symbol
[ERROR]   symbol:   class HeaderTemplateMapper
[ERROR]   location: class com.bobcarrental.service.impl.HeaderTemplateServiceImpl
[ERROR] /D:/POSAO/alankar/bobcarrental/backend/src/main/java/com/bobcarrental/service/impl/HeaderTemplateServiceImpl.java:[34,17] cannot find symbol
[ERROR]   symbol:   class HeaderTemplateResponse
[ERROR]   location: class com.bobcarrental.service.impl.HeaderTemplateServiceImpl
[ERROR] /D:/POSAO/alankar/bobcarrental/backend/src/main/java/com/bobcarrental/service/impl/HeaderTemplateServiceImpl.java:[41,12] cannot find symbol
[ERROR]   symbol:   class HeaderTemplateResponse
[ERROR]   location: class com.bobcarrental.service.impl.HeaderTemplateServiceImpl
[ERROR] /D:/POSAO/alankar/bobcarrental/backend/src/main/java/com/bobcarrental/service/impl/HeaderTemplateServiceImpl.java:[48,12] cannot find symbol
[ERROR]   symbol:   class HeaderTemplateResponse
[ERROR]   location: class com.bobcarrental.service.impl.HeaderTemplateServiceImpl
[ERROR] /D:/POSAO/alankar/bobcarrental/backend/src/main/java/com/bobcarrental/service/impl/HeaderTemplateServiceImpl.java:[56,17] cannot find symbol
[ERROR]   symbol:   class HeaderTemplateResponse
[ERROR]   location: class com.bobcarrental.service.impl.HeaderTemplateServiceImpl
[ERROR] /D:/POSAO/alankar/bobcarrental/backend/src/main/java/com/bobcarrental/service/impl/HeaderTemplateServiceImpl.java:[65,17] cannot find symbol
[ERROR]   symbol:   class HeaderTemplateResponse
[ERROR]   location: class com.bobcarrental.service.impl.HeaderTemplateServiceImpl
[ERROR] /D:/POSAO/alankar/bobcarrental/backend/src/main/java/com/bobcarrental/service/impl/HeaderTemplateServiceImpl.java:[74,56] cannot find symbol
[ERROR]   symbol:   class HeaderTemplateRequest
[ERROR]   location: class com.bobcarrental.service.impl.HeaderTemplateServiceImpl
[ERROR] /D:/POSAO/alankar/bobcarrental/backend/src/main/java/com/bobcarrental/service/impl/HeaderTemplateServiceImpl.java:[74,12] cannot find symbol
[ERROR]   symbol:   class HeaderTemplateResponse
[ERROR]   location: class com.bobcarrental.service.impl.HeaderTemplateServiceImpl
[ERROR] /D:/POSAO/alankar/bobcarrental/backend/src/main/java/com/bobcarrental/service/impl/HeaderTemplateServiceImpl.java:[92,65] cannot find symbol
[ERROR]   symbol:   class HeaderTemplateRequest
[ERROR]   location: class com.bobcarrental.service.impl.HeaderTemplateServiceImpl
[ERROR] /D:/POSAO/alankar/bobcarrental/backend/src/main/java/com/bobcarrental/service/impl/HeaderTemplateServiceImpl.java:[92,12] cannot find symbol
[ERROR]   symbol:   class HeaderTemplateResponse
[ERROR]   location: class com.bobcarrental.service.impl.HeaderTemplateServiceImpl
[ERROR] /D:/POSAO/alankar/bobcarrental/backend/src/main/java/com/bobcarrental/service/impl/HeaderTemplateServiceImpl.java:[111,12] cannot find symbol
[ERROR]   symbol:   class HeaderTemplateResponse
[ERROR]   location: class com.bobcarrental.service.impl.HeaderTemplateServiceImpl
[ERROR] /D:/POSAO/alankar/bobcarrental/backend/src/main/java/com/bobcarrental/service/impl/HeaderTemplateServiceImpl.java:[130,12] cannot find symbol
[ERROR]   symbol:   class HeaderTemplateResponse
[ERROR]   location: class com.bobcarrental.service.impl.HeaderTemplateServiceImpl
[ERROR] /D:/POSAO/alankar/bobcarrental/backend/src/main/java/com/bobcarrental/service/impl/HeaderTemplateServiceImpl.java:[143,12] cannot find symbol
[ERROR]   symbol:   class HeaderTemplateResponse
[ERROR]   location: class com.bobcarrental.service.impl.HeaderTemplateServiceImpl
[ERROR] /D:/POSAO/alankar/bobcarrental/backend/src/main/java/com/bobcarrental/service/impl/HeaderTemplateServiceImpl.java:[26,1] cannot find symbol
[ERROR]   symbol:   class HeaderTemplateMapper
[ERROR]   location: class com.bobcarrental.service.impl.HeaderTemplateServiceImpl
[ERROR] /D:/POSAO/alankar/bobcarrental/backend/src/main/java/com/bobcarrental/service/HeaderTemplateService.java:[18,10] cannot find symbol
[ERROR]   symbol:   class HeaderTemplateResponse
[ERROR]   location: interface com.bobcarrental.service.HeaderTemplateService
[ERROR] /D:/POSAO/alankar/bobcarrental/backend/src/main/java/com/bobcarrental/service/HeaderTemplateService.java:[23,5] cannot find symbol
[ERROR]   symbol:   class HeaderTemplateResponse
[ERROR]   location: interface com.bobcarrental.service.HeaderTemplateService
[ERROR] /D:/POSAO/alankar/bobcarrental/backend/src/main/java/com/bobcarrental/service/HeaderTemplateService.java:[28,5] cannot find symbol
[ERROR]   symbol:   class HeaderTemplateResponse
[ERROR]   location: interface com.bobcarrental.service.HeaderTemplateService
[ERROR] /D:/POSAO/alankar/bobcarrental/backend/src/main/java/com/bobcarrental/service/HeaderTemplateService.java:[33,10] cannot find symbol
[ERROR]   symbol:   class HeaderTemplateResponse
[ERROR]   location: interface com.bobcarrental.service.HeaderTemplateService
[ERROR] /D:/POSAO/alankar/bobcarrental/backend/src/main/java/com/bobcarrental/service/HeaderTemplateService.java:[38,10] cannot find symbol
[ERROR]   symbol:   class HeaderTemplateResponse
[ERROR]   location: interface com.bobcarrental.service.HeaderTemplateService
[ERROR] /D:/POSAO/alankar/bobcarrental/backend/src/main/java/com/bobcarrental/service/HeaderTemplateService.java:[43,49] cannot find symbol
[ERROR]   symbol:   class HeaderTemplateRequest
[ERROR]   location: interface com.bobcarrental.service.HeaderTemplateService
[ERROR] /D:/POSAO/alankar/bobcarrental/backend/src/main/java/com/bobcarrental/service/HeaderTemplateService.java:[43,5] cannot find symbol
[ERROR]   symbol:   class HeaderTemplateResponse
[ERROR]   location: interface com.bobcarrental.service.HeaderTemplateService
[ERROR] /D:/POSAO/alankar/bobcarrental/backend/src/main/java/com/bobcarrental/service/HeaderTemplateService.java:[48,58] cannot find symbol
[ERROR]   symbol:   class HeaderTemplateRequest
[ERROR]   location: interface com.bobcarrental.service.HeaderTemplateService
[ERROR] /D:/POSAO/alankar/bobcarrental/backend/src/main/java/com/bobcarrental/service/HeaderTemplateService.java:[48,5] cannot find symbol
[ERROR]   symbol:   class HeaderTemplateResponse
[ERROR]   location: interface com.bobcarrental.service.HeaderTemplateService
[ERROR] /D:/POSAO/alankar/bobcarrental/backend/src/main/java/com/bobcarrental/service/HeaderTemplateService.java:[53,5] cannot find symbol
[ERROR]   symbol:   class HeaderTemplateResponse
[ERROR]   location: interface com.bobcarrental.service.HeaderTemplateService
[ERROR] /D:/POSAO/alankar/bobcarrental/backend/src/main/java/com/bobcarrental/service/HeaderTemplateService.java:[58,5] cannot find symbol
[ERROR]   symbol:   class HeaderTemplateResponse
[ERROR]   location: interface com.bobcarrental.service.HeaderTemplateService
[ERROR] /D:/POSAO/alankar/bobcarrental/backend/src/main/java/com/bobcarrental/service/HeaderTemplateService.java:[63,5] cannot find symbol
[ERROR]   symbol:   class HeaderTemplateResponse
[ERROR]   location: interface com.bobcarrental.service.HeaderTemplateService
[ERROR] /D:/POSAO/alankar/bobcarrental/backend/src/main/java/com/bobcarrental/service/StandardFareService.java:[3,41] package com.bobcarrental.dto.standardfare does not exist
[ERROR] /D:/POSAO/alankar/bobcarrental/backend/src/main/java/com/bobcarrental/service/StandardFareService.java:[4,41] package com.bobcarrental.dto.standardfare does not exist
[ERROR] /D:/POSAO/alankar/bobcarrental/backend/src/main/java/com/bobcarrental/service/StandardFareService.java:[18,10] cannot find symbol
[ERROR]   symbol:   class StandardFareResponse
[ERROR]   location: interface com.bobcarrental.service.StandardFareService
[ERROR] /D:/POSAO/alankar/bobcarrental/backend/src/main/java/com/bobcarrental/service/StandardFareService.java:[23,5] cannot find symbol
[ERROR]   symbol:   class StandardFareResponse
[ERROR]   location: interface com.bobcarrental.service.StandardFareService
[ERROR] /D:/POSAO/alankar/bobcarrental/backend/src/main/java/com/bobcarrental/service/StandardFareService.java:[28,10] cannot find symbol
[ERROR]   symbol:   class StandardFareResponse
[ERROR]   location: interface com.bobcarrental.service.StandardFareService
[ERROR] /D:/POSAO/alankar/bobcarrental/backend/src/main/java/com/bobcarrental/service/StandardFareService.java:[33,5] cannot find symbol
[ERROR]   symbol:   class StandardFareResponse
[ERROR]   location: interface com.bobcarrental.service.StandardFareService
[ERROR] /D:/POSAO/alankar/bobcarrental/backend/src/main/java/com/bobcarrental/service/StandardFareService.java:[38,10] cannot find symbol
[ERROR]   symbol:   class StandardFareResponse
[ERROR]   location: interface com.bobcarrental.service.StandardFareService
[ERROR] /D:/POSAO/alankar/bobcarrental/backend/src/main/java/com/bobcarrental/service/StandardFareService.java:[43,10] cannot find symbol
[ERROR]   symbol:   class StandardFareResponse
[ERROR]   location: interface com.bobcarrental.service.StandardFareService
[ERROR] /D:/POSAO/alankar/bobcarrental/backend/src/main/java/com/bobcarrental/service/StandardFareService.java:[48,45] cannot find symbol
[ERROR]   symbol:   class StandardFareRequest
[ERROR]   location: interface com.bobcarrental.service.StandardFareService
[ERROR] /D:/POSAO/alankar/bobcarrental/backend/src/main/java/com/bobcarrental/service/StandardFareService.java:[48,5] cannot find symbol
[ERROR]   symbol:   class StandardFareResponse
[ERROR]   location: interface com.bobcarrental.service.StandardFareService
[ERROR] /D:/POSAO/alankar/bobcarrental/backend/src/main/java/com/bobcarrental/service/StandardFareService.java:[53,54] cannot find symbol
[ERROR]   symbol:   class StandardFareRequest
[ERROR]   location: interface com.bobcarrental.service.StandardFareService
[ERROR] /D:/POSAO/alankar/bobcarrental/backend/src/main/java/com/bobcarrental/service/StandardFareService.java:[53,5] cannot find symbol
[ERROR]   symbol:   class StandardFareResponse
[ERROR]   location: interface com.bobcarrental.service.StandardFareService
[ERROR] /D:/POSAO/alankar/bobcarrental/backend/src/main/java/com/bobcarrental/service/StandardFareService.java:[58,5] cannot find symbol
[ERROR]   symbol:   class StandardFareResponse
[ERROR]   location: interface com.bobcarrental.service.StandardFareService
[ERROR] /D:/POSAO/alankar/bobcarrental/backend/src/main/java/com/bobcarrental/service/StandardFareService.java:[63,5] cannot find symbol
[ERROR]   symbol:   class StandardFareResponse
[ERROR]   location: interface com.bobcarrental.service.StandardFareService
[ERROR] /D:/POSAO/alankar/bobcarrental/backend/src/main/java/com/bobcarrental/service/ClientService.java:[3,35] package com.bobcarrental.dto.client does not exist
[ERROR] /D:/POSAO/alankar/bobcarrental/backend/src/main/java/com/bobcarrental/service/ClientService.java:[4,35] package com.bobcarrental.dto.client does not exist
[ERROR] /D:/POSAO/alankar/bobcarrental/backend/src/main/java/com/bobcarrental/service/ClientService.java:[5,35] package com.bobcarrental.dto.client does not exist
[ERROR] /D:/POSAO/alankar/bobcarrental/backend/src/main/java/com/bobcarrental/service/ClientService.java:[20,33] cannot find symbol
[ERROR]   symbol:   class ClientRequest
[ERROR]   location: interface com.bobcarrental.service.ClientService
[ERROR] /D:/POSAO/alankar/bobcarrental/backend/src/main/java/com/bobcarrental/service/ClientService.java:[20,5] cannot find symbol
[ERROR]   symbol:   class ClientResponse
[ERROR]   location: interface com.bobcarrental.service.ClientService
[ERROR] /D:/POSAO/alankar/bobcarrental/backend/src/main/java/com/bobcarrental/service/ClientService.java:[25,42] cannot find symbol
[ERROR]   symbol:   class ClientRequest
[ERROR]   location: interface com.bobcarrental.service.ClientService
[ERROR] /D:/POSAO/alankar/bobcarrental/backend/src/main/java/com/bobcarrental/service/ClientService.java:[25,5] cannot find symbol
[ERROR]   symbol:   class ClientResponse
[ERROR]   location: interface com.bobcarrental.service.ClientService
[ERROR] /D:/POSAO/alankar/bobcarrental/backend/src/main/java/com/bobcarrental/service/ClientService.java:[30,5] cannot find symbol
[ERROR]   symbol:   class ClientResponse
[ERROR]   location: interface com.bobcarrental.service.ClientService
[ERROR] /D:/POSAO/alankar/bobcarrental/backend/src/main/java/com/bobcarrental/service/ClientService.java:[35,5] cannot find symbol
[ERROR]   symbol:   class ClientResponse
[ERROR]   location: interface com.bobcarrental.service.ClientService
[ERROR] /D:/POSAO/alankar/bobcarrental/backend/src/main/java/com/bobcarrental/service/ClientService.java:[45,10] cannot find symbol
[ERROR]   symbol:   class ClientSummaryResponse
[ERROR]   location: interface com.bobcarrental.service.ClientService
[ERROR] /D:/POSAO/alankar/bobcarrental/backend/src/main/java/com/bobcarrental/service/ClientService.java:[50,10] cannot find symbol
[ERROR]   symbol:   class ClientSummaryResponse
[ERROR]   location: interface com.bobcarrental.service.ClientService
[ERROR] /D:/POSAO/alankar/bobcarrental/backend/src/main/java/com/bobcarrental/service/ClientService.java:[55,10] cannot find symbol
[ERROR]   symbol:   class ClientSummaryResponse
[ERROR]   location: interface com.bobcarrental.service.ClientService
[ERROR] /D:/POSAO/alankar/bobcarrental/backend/src/main/java/com/bobcarrental/service/ClientService.java:[64,10] cannot find symbol
[ERROR]   symbol:   class ClientSummaryResponse
[ERROR]   location: interface com.bobcarrental.service.ClientService
[ERROR] /D:/POSAO/alankar/bobcarrental/backend/src/main/java/com/bobcarrental/controller/VehicleTypeController.java:[5,40] package com.bobcarrental.dto.vehicletype does not exist
[ERROR] /D:/POSAO/alankar/bobcarrental/backend/src/main/java/com/bobcarrental/controller/VehicleTypeController.java:[6,40] package com.bobcarrental.dto.vehicletype does not exist
[ERROR] /D:/POSAO/alankar/bobcarrental/backend/src/main/java/com/bobcarrental/controller/VehicleTypeController.java:[7,40] package com.bobcarrental.dto.vehicletype does not exist
[ERROR] /D:/POSAO/alankar/bobcarrental/backend/src/main/java/com/bobcarrental/service/VehicleTypeService.java:[3,40] package com.bobcarrental.dto.vehicletype does not exist
[ERROR] /D:/POSAO/alankar/bobcarrental/backend/src/main/java/com/bobcarrental/service/VehicleTypeService.java:[4,40] package com.bobcarrental.dto.vehicletype does not exist
[ERROR] /D:/POSAO/alankar/bobcarrental/backend/src/main/java/com/bobcarrental/service/VehicleTypeService.java:[5,40] package com.bobcarrental.dto.vehicletype does not exist
[ERROR] /D:/POSAO/alankar/bobcarrental/backend/src/main/java/com/bobcarrental/controller/VehicleTypeController.java:[39,52] cannot find symbol
[ERROR]   symbol:   class VehicleTypeSummaryResponse
[ERROR]   location: class com.bobcarrental.controller.VehicleTypeController
[ERROR] /D:/POSAO/alankar/bobcarrental/backend/src/main/java/com/bobcarrental/controller/VehicleTypeController.java:[51,44] cannot find symbol
[ERROR]   symbol:   class VehicleTypeSummaryResponse
[ERROR]   location: class com.bobcarrental.controller.VehicleTypeController
[ERROR] /D:/POSAO/alankar/bobcarrental/backend/src/main/java/com/bobcarrental/controller/VehicleTypeController.java:[61,39] cannot find symbol
[ERROR]   symbol:   class VehicleTypeResponse
[ERROR]   location: class com.bobcarrental.controller.VehicleTypeController
[ERROR] /D:/POSAO/alankar/bobcarrental/backend/src/main/java/com/bobcarrental/controller/VehicleTypeController.java:[70,44] cannot find symbol
[ERROR]   symbol:   class VehicleTypeSummaryResponse
[ERROR]   location: class com.bobcarrental.controller.VehicleTypeController
[ERROR] /D:/POSAO/alankar/bobcarrental/backend/src/main/java/com/bobcarrental/controller/VehicleTypeController.java:[82,44] cannot find symbol
[ERROR]   symbol:   class VehicleTypeSummaryResponse
[ERROR]   location: class com.bobcarrental.controller.VehicleTypeController
[ERROR] /D:/POSAO/alankar/bobcarrental/backend/src/main/java/com/bobcarrental/controller/VehicleTypeController.java:[94,44] cannot find symbol
[ERROR]   symbol:   class VehicleTypeSummaryResponse
[ERROR]   location: class com.bobcarrental.controller.VehicleTypeController
[ERROR] /D:/POSAO/alankar/bobcarrental/backend/src/main/java/com/bobcarrental/controller/VehicleTypeController.java:[107,33] cannot find symbol
[ERROR]   symbol:   class VehicleTypeRequest
[ERROR]   location: class com.bobcarrental.controller.VehicleTypeController
[ERROR] /D:/POSAO/alankar/bobcarrental/backend/src/main/java/com/bobcarrental/controller/VehicleTypeController.java:[106,39] cannot find symbol
[ERROR]   symbol:   class VehicleTypeResponse
[ERROR]   location: class com.bobcarrental.controller.VehicleTypeController
[ERROR] /D:/POSAO/alankar/bobcarrental/backend/src/main/java/com/bobcarrental/controller/VehicleTypeController.java:[121,33] cannot find symbol
[ERROR]   symbol:   class VehicleTypeRequest
[ERROR]   location: class com.bobcarrental.controller.VehicleTypeController
[ERROR] /D:/POSAO/alankar/bobcarrental/backend/src/main/java/com/bobcarrental/controller/VehicleTypeController.java:[119,39] cannot find symbol
[ERROR]   symbol:   class VehicleTypeResponse
[ERROR]   location: class com.bobcarrental.controller.VehicleTypeController
[ERROR] /D:/POSAO/alankar/bobcarrental/backend/src/main/java/com/bobcarrental/service/VehicleTypeService.java:[25,10] cannot find symbol
[ERROR]   symbol:   class VehicleTypeSummaryResponse
[ERROR]   location: interface com.bobcarrental.service.VehicleTypeService
[ERROR] /D:/POSAO/alankar/bobcarrental/backend/src/main/java/com/bobcarrental/service/VehicleTypeService.java:[32,10] cannot find symbol
[ERROR]   symbol:   class VehicleTypeSummaryResponse
[ERROR]   location: interface com.bobcarrental.service.VehicleTypeService
[ERROR] /D:/POSAO/alankar/bobcarrental/backend/src/main/java/com/bobcarrental/service/VehicleTypeService.java:[40,5] cannot find symbol
[ERROR]   symbol:   class VehicleTypeResponse
[ERROR]   location: interface com.bobcarrental.service.VehicleTypeService
[ERROR] /D:/POSAO/alankar/bobcarrental/backend/src/main/java/com/bobcarrental/service/VehicleTypeService.java:[48,10] cannot find symbol
[ERROR]   symbol:   class VehicleTypeSummaryResponse
[ERROR]   location: interface com.bobcarrental.service.VehicleTypeService
[ERROR] /D:/POSAO/alankar/bobcarrental/backend/src/main/java/com/bobcarrental/service/VehicleTypeService.java:[56,10] cannot find symbol
[ERROR]   symbol:   class VehicleTypeSummaryResponse
[ERROR]   location: interface com.bobcarrental.service.VehicleTypeService
[ERROR] /D:/POSAO/alankar/bobcarrental/backend/src/main/java/com/bobcarrental/service/VehicleTypeService.java:[64,10] cannot find symbol
[ERROR]   symbol:   class VehicleTypeSummaryResponse
[ERROR]   location: interface com.bobcarrental.service.VehicleTypeService
[ERROR] /D:/POSAO/alankar/bobcarrental/backend/src/main/java/com/bobcarrental/service/VehicleTypeService.java:[72,43] cannot find symbol
[ERROR]   symbol:   class VehicleTypeRequest
[ERROR]   location: interface com.bobcarrental.service.VehicleTypeService
[ERROR] /D:/POSAO/alankar/bobcarrental/backend/src/main/java/com/bobcarrental/service/VehicleTypeService.java:[72,5] cannot find symbol
[ERROR]   symbol:   class VehicleTypeResponse
[ERROR]   location: interface com.bobcarrental.service.VehicleTypeService
[ERROR] /D:/POSAO/alankar/bobcarrental/backend/src/main/java/com/bobcarrental/service/VehicleTypeService.java:[81,52] cannot find symbol
[ERROR]   symbol:   class VehicleTypeRequest
[ERROR]   location: interface com.bobcarrental.service.VehicleTypeService
[ERROR] /D:/POSAO/alankar/bobcarrental/backend/src/main/java/com/bobcarrental/service/VehicleTypeService.java:[81,5] cannot find symbol
[ERROR]   symbol:   class VehicleTypeResponse
[ERROR]   location: interface com.bobcarrental.service.VehicleTypeService
[ERROR] /D:/POSAO/alankar/bobcarrental/backend/src/main/java/com/bobcarrental/controller/VehicleImageController.java:[4,41] package com.bobcarrental.dto.vehicleimage does not exist
[ERROR] /D:/POSAO/alankar/bobcarrental/backend/src/main/java/com/bobcarrental/controller/VehicleImageController.java:[5,41] package com.bobcarrental.dto.vehicleimage does not exist
[ERROR] /D:/POSAO/alankar/bobcarrental/backend/src/main/java/com/bobcarrental/service/VehicleImageService.java:[3,41] package com.bobcarrental.dto.vehicleimage does not exist
[ERROR] /D:/POSAO/alankar/bobcarrental/backend/src/main/java/com/bobcarrental/service/VehicleImageService.java:[4,41] package com.bobcarrental.dto.vehicleimage does not exist
[ERROR] /D:/POSAO/alankar/bobcarrental/backend/src/main/java/com/bobcarrental/controller/VehicleImageController.java:[37,32] cannot find symbol
[ERROR]   symbol:   class VehicleImageResponse
[ERROR]   location: class com.bobcarrental.controller.VehicleImageController
[ERROR] /D:/POSAO/alankar/bobcarrental/backend/src/main/java/com/bobcarrental/controller/VehicleImageController.java:[49,27] cannot find symbol
[ERROR]   symbol:   class VehicleImageResponse
[ERROR]   location: class com.bobcarrental.controller.VehicleImageController
[ERROR] /D:/POSAO/alankar/bobcarrental/backend/src/main/java/com/bobcarrental/controller/VehicleImageController.java:[60,32] cannot find symbol
[ERROR]   symbol:   class VehicleImageResponse
[ERROR]   location: class com.bobcarrental.controller.VehicleImageController
[ERROR] /D:/POSAO/alankar/bobcarrental/backend/src/main/java/com/bobcarrental/controller/VehicleImageController.java:[72,27] cannot find symbol
[ERROR]   symbol:   class VehicleImageResponse
[ERROR]   location: class com.bobcarrental.controller.VehicleImageController
[ERROR] /D:/POSAO/alankar/bobcarrental/backend/src/main/java/com/bobcarrental/controller/VehicleImageController.java:[87,33] cannot find symbol
[ERROR]   symbol:   class VehicleImageRequest
[ERROR]   location: class com.bobcarrental.controller.VehicleImageController
[ERROR] /D:/POSAO/alankar/bobcarrental/backend/src/main/java/com/bobcarrental/controller/VehicleImageController.java:[86,39] cannot find symbol
[ERROR]   symbol:   class VehicleImageResponse
[ERROR]   location: class com.bobcarrental.controller.VehicleImageController
[ERROR] /D:/POSAO/alankar/bobcarrental/backend/src/main/java/com/bobcarrental/controller/VehicleImageController.java:[109,33] cannot find symbol
[ERROR]   symbol:   class VehicleImageRequest
[ERROR]   location: class com.bobcarrental.controller.VehicleImageController
[ERROR] /D:/POSAO/alankar/bobcarrental/backend/src/main/java/com/bobcarrental/controller/VehicleImageController.java:[107,39] cannot find symbol
[ERROR]   symbol:   class VehicleImageResponse
[ERROR]   location: class com.bobcarrental.controller.VehicleImageController
[ERROR] /D:/POSAO/alankar/bobcarrental/backend/src/main/java/com/bobcarrental/controller/VehicleImageController.java:[129,39] cannot find symbol
[ERROR]   symbol:   class VehicleImageResponse
[ERROR]   location: class com.bobcarrental.controller.VehicleImageController
[ERROR] /D:/POSAO/alankar/bobcarrental/backend/src/main/java/com/bobcarrental/controller/VehicleImageController.java:[149,44] cannot find symbol
[ERROR]   symbol:   class VehicleImageResponse
[ERROR]   location: class com.bobcarrental.controller.VehicleImageController
[ERROR] /D:/POSAO/alankar/bobcarrental/backend/src/main/java/com/bobcarrental/service/VehicleImageService.java:[18,10] cannot find symbol
[ERROR]   symbol:   class VehicleImageResponse
[ERROR]   location: interface com.bobcarrental.service.VehicleImageService
[ERROR] /D:/POSAO/alankar/bobcarrental/backend/src/main/java/com/bobcarrental/service/VehicleImageService.java:[23,5] cannot find symbol
[ERROR]   symbol:   class VehicleImageResponse
[ERROR]   location: interface com.bobcarrental.service.VehicleImageService
[ERROR] -> [Help 1]
[ERROR] 
[ERROR] To see the full stack trace of the errors, re-run Maven with the -e switch.
[ERROR] Re-run Maven using the -X switch to enable full debug logging.
[ERROR] 
[ERROR] For more information about the errors and possible solutions, please read the following articles:
[ERROR] [Help 1] http://cwiki.apache.org/confluence/display/MAVEN/MojoFailureException
